========================================
CUDA ZSTD Correctness Tests
========================================
Using CUDA device: NVIDIA GeForce RTX 5080 Laptop GPU
Compute capability: 12.0
Total memory: 16302 MB

[TEST] Identity Property: decompress(compress(data)) == data
[DEBUG] Manager::compress ENTRY Size=4096
[DEBUG] Manager d_input verify: [93]=43, [128]=80
[DEBUG] Memory: Total 18874368, Global Used 7112192, Available 11762176
[DEBUG_FRAME] content_size=4096, single_segment=1, val=3840 (0xF00), bytes: 00 0F
[DEBUG_PTR] block_input=0x90ba00000
[DEBUG_PTR] d_lz77_temp=0x90c4d4780, d_lit_rev=0x90c4c8780, d_ml_rev=0x90c4cc780, d_of_rev=0x90c4d0780
[KERNEL] Input Ptr: 0x90ba00000
[KERNEL] Input[104] = 98
[KERNEL] Input[174] = 12
[GREEDY] Pos 174 Read Match: Len=0 Off=0
[DEBUG] Phase 1 Block 0: Size=4096, LZ77_NumSeq=14
[DEBUG] Block 0: size=4096, num_seq=14, has_dummy=0
[LAUNCH] Copy Literals: Input=0x90ba00000, LitLen=0x90c4c8780, MatchLen=0x90c4cc780, LitBuf=0x90c2a0080, NumSeq=14, Size=4096
[COPY] Block 0: Copying Byte 174. Input=12 (Ptr=0x90ba00000) -> Buffer
[DEBUG] Block 0: Lit Size=608. Calling compress_literals...
[FATAL] Block 0: compress_sequences Sync Failed: an illegal memory access was encountered
  [FAIL] test_identity_property: Compression failed
[WARNING] CUDA error during test cleanup: an illegal memory access was encountered
[RECOVERY] Performing cudaDeviceReset() to clear corruption...
[RECOVERY] Device reset complete

[TEST] Various Input Sizes Round-trip
  [INFO] Testing 39 different sizes
[CRITICAL] StreamPool: cudaStreamCreate failed at index 0: CUDA-capable device(s) is/are busy or unavailable
[CRITICAL] StreamPool: Fallback stream creation also failed
[WARNING] initialize_context: Pre-existing CUDA error: CUDA-capable device(s) is/are busy or unavailable
[ERROR] ERROR_CUDA_ERROR at /mnt/d/Research Experiments/TDPE_and_GPU_loading/NVComp with ZSTD/src/cuda_zstd_manager.cu:3409 in initialize_context() (CUDA: CUDA-capable device(s) is/are busy or unavailable)
CUDA ERROR at /mnt/d/Research Experiments/TDPE_and_GPU_loading/NVComp with ZSTD/tests/cuda_error_checking.h:116
  Function: cudaMalloc(ptr, size)
  Error: cudaErrorDevicesUnavailable
  Description: CUDA-capable device(s) is/are busy or unavailable
  [FAIL] test_various_sizes_roundtrip: CUDA malloc for d_input failed
CUDA ERROR at /mnt/d/Research Experiments/TDPE_and_GPU_loading/NVComp with ZSTD/tests/cuda_error_checking.h:116
  Function: cudaMalloc(ptr, size)
  Error: cudaErrorDevicesUnavailable
  Description: CUDA-capable device(s) is/are busy or unavailable
  [FAIL] test_various_sizes_roundtrip: CUDA malloc for d_input failed
CUDA ERROR at /mnt/d/Research Experiments/TDPE_and_GPU_loading/NVComp with ZSTD/tests/cuda_error_checking.h:116
  Function: cudaMalloc(ptr, size)
  Error: cudaErrorDevicesUnavailable
  Description: CUDA-capable device(s) is/are busy or unavailable
  [FAIL] test_various_sizes_roundtrip: CUDA malloc for d_input failed
CUDA ERROR at /mnt/d/Research Experiments/TDPE_and_GPU_loading/NVComp with ZSTD/tests/cuda_error_checking.h:116
  Function: cudaMalloc(ptr, size)
  Error: cudaErrorDevicesUnavailable
  Description: CUDA-capable device(s) is/are busy or unavailable
  [FAIL] test_various_sizes_roundtrip: CUDA malloc for d_input failed
CUDA ERROR at /mnt/d/Research Experiments/TDPE_and_GPU_loading/NVComp with ZSTD/tests/cuda_error_checking.h:116
  Function: cudaMalloc(ptr, size)
  Error: cudaErrorDevicesUnavailable
  Description: CUDA-capable device(s) is/are busy or unavailable
  [FAIL] test_various_sizes_roundtrip: CUDA malloc for d_input failed
CUDA ERROR at /mnt/d/Research Experiments/TDPE_and_GPU_loading/NVComp with ZSTD/tests/cuda_error_checking.h:116
  Function: cudaMalloc(ptr, size)
  Error: cudaErrorDevicesUnavailable
  Description: CUDA-capable device(s) is/are busy or unavailable
  [FAIL] test_various_sizes_roundtrip: CUDA malloc for d_input failed
CUDA ERROR at /mnt/d/Research Experiments/TDPE_and_GPU_loading/NVComp with ZSTD/tests/cuda_error_checking.h:116
  Function: cudaMalloc(ptr, size)
  Error: cudaErrorDevicesUnavailable
  Description: CUDA-capable device(s) is/are busy or unavailable
  [FAIL] test_various_sizes_roundtrip: CUDA malloc for d_input failed
CUDA ERROR at /mnt/d/Research Experiments/TDPE_and_GPU_loading/NVComp with ZSTD/tests/cuda_error_checking.h:116
  Function: cudaMalloc(ptr, size)
  Error: cudaErrorDevicesUnavailable
  Description: CUDA-capable device(s) is/are busy or unavailable
  [FAIL] test_various_sizes_roundtrip: CUDA malloc for d_input failed
CUDA ERROR at /mnt/d/Research Experiments/TDPE_and_GPU_loading/NVComp with ZSTD/tests/cuda_error_checking.h:116
  Function: cudaMalloc(ptr, size)
  Error: cudaErrorDevicesUnavailable
  Description: CUDA-capable device(s) is/are busy or unavailable
  [FAIL] test_various_sizes_roundtrip: CUDA malloc for d_input failed
CUDA ERROR at /mnt/d/Research Experiments/TDPE_and_GPU_loading/NVComp with ZSTD/tests/cuda_error_checking.h:116
  Function: cudaMalloc(ptr, size)
  Error: cudaErrorDevicesUnavailable
  Description: CUDA-capable device(s) is/are busy or unavailable
  [FAIL] test_various_sizes_roundtrip: CUDA malloc for d_input failed
CUDA ERROR at /mnt/d/Research Experiments/TDPE_and_GPU_loading/NVComp with ZSTD/tests/cuda_error_checking.h:116
  Function: cudaMalloc(ptr, size)
  Error: cudaErrorDevicesUnavailable
  Description: CUDA-capable device(s) is/are busy or unavailable
  [FAIL] test_various_sizes_roundtrip: CUDA malloc for d_input failed
CUDA ERROR at /mnt/d/Research Experiments/TDPE_and_GPU_loading/NVComp with ZSTD/tests/cuda_error_checking.h:116
  Function: cudaMalloc(ptr, size)
  Error: cudaErrorDevicesUnavailable
  Description: CUDA-capable device(s) is/are busy or unavailable
  [FAIL] test_various_sizes_roundtrip: CUDA malloc for d_input failed
CUDA ERROR at /mnt/d/Research Experiments/TDPE_and_GPU_loading/NVComp with ZSTD/tests/cuda_error_checking.h:116
  Function: cudaMalloc(ptr, size)
  Error: cudaErrorDevicesUnavailable
  Description: CUDA-capable device(s) is/are busy or unavailable
  [FAIL] test_various_sizes_roundtrip: CUDA malloc for d_input failed
CUDA ERROR at /mnt/d/Research Experiments/TDPE_and_GPU_loading/NVComp with ZSTD/tests/cuda_error_checking.h:116
  Function: cudaMalloc(ptr, size)
  Error: cudaErrorDevicesUnavailable
  Description: CUDA-capable device(s) is/are busy or unavailable
  [FAIL] test_various_sizes_roundtrip: CUDA malloc for d_input failed
CUDA ERROR at /mnt/d/Research Experiments/TDPE_and_GPU_loading/NVComp with ZSTD/tests/cuda_error_checking.h:116
  Function: cudaMalloc(ptr, size)
  Error: cudaErrorDevicesUnavailable
  Description: CUDA-capable device(s) is/are busy or unavailable
  [FAIL] test_various_sizes_roundtrip: CUDA malloc for d_input failed
CUDA ERROR at /mnt/d/Research Experiments/TDPE_and_GPU_loading/NVComp with ZSTD/tests/cuda_error_checking.h:116
  Function: cudaMalloc(ptr, size)
  Error: cudaErrorDevicesUnavailable
  Description: CUDA-capable device(s) is/are busy or unavailable
  [FAIL] test_various_sizes_roundtrip: CUDA malloc for d_input failed
CUDA ERROR at /mnt/d/Research Experiments/TDPE_and_GPU_loading/NVComp with ZSTD/tests/cuda_error_checking.h:116
  Function: cudaMalloc(ptr, size)
  Error: cudaErrorDevicesUnavailable
  Description: CUDA-capable device(s) is/are busy or unavailable
  [FAIL] test_various_sizes_roundtrip: CUDA malloc for d_input failed
CUDA ERROR at /mnt/d/Research Experiments/TDPE_and_GPU_loading/NVComp with ZSTD/tests/cuda_error_checking.h:116
  Function: cudaMalloc(ptr, size)
  Error: cudaErrorDevicesUnavailable
  Description: CUDA-capable device(s) is/are busy or unavailable
  [FAIL] test_various_sizes_roundtrip: CUDA malloc for d_input failed
CUDA ERROR at /mnt/d/Research Experiments/TDPE_and_GPU_loading/NVComp with ZSTD/tests/cuda_error_checking.h:116
  Function: cudaMalloc(ptr, size)
  Error: cudaErrorDevicesUnavailable
  Description: CUDA-capable device(s) is/are busy or unavailable
  [FAIL] test_various_sizes_roundtrip: CUDA malloc for d_input failed
CUDA ERROR at /mnt/d/Research Experiments/TDPE_and_GPU_loading/NVComp with ZSTD/tests/cuda_error_checking.h:116
  Function: cudaMalloc(ptr, size)
  Error: cudaErrorDevicesUnavailable
  Description: CUDA-capable device(s) is/are busy or unavailable
  [FAIL] test_various_sizes_roundtrip: CUDA malloc for d_input failed
CUDA ERROR at /mnt/d/Research Experiments/TDPE_and_GPU_loading/NVComp with ZSTD/tests/cuda_error_checking.h:116
  Function: cudaMalloc(ptr, size)
  Error: cudaErrorDevicesUnavailable
  Description: CUDA-capable device(s) is/are busy or unavailable
  [FAIL] test_various_sizes_roundtrip: CUDA malloc for d_input failed
CUDA ERROR at /mnt/d/Research Experiments/TDPE_and_GPU_loading/NVComp with ZSTD/tests/cuda_error_checking.h:116
  Function: cudaMalloc(ptr, size)
  Error: cudaErrorDevicesUnavailable
  Description: CUDA-capable device(s) is/are busy or unavailable
  [FAIL] test_various_sizes_roundtrip: CUDA malloc for d_input failed
CUDA ERROR at /mnt/d/Research Experiments/TDPE_and_GPU_loading/NVComp with ZSTD/tests/cuda_error_checking.h:116
  Function: cudaMalloc(ptr, size)
  Error: cudaErrorDevicesUnavailable
  Description: CUDA-capable device(s) is/are busy or unavailable
  [FAIL] test_various_sizes_roundtrip: CUDA malloc for d_input failed
CUDA ERROR at /mnt/d/Research Experiments/TDPE_and_GPU_loading/NVComp with ZSTD/tests/cuda_error_checking.h:116
  Function: cudaMalloc(ptr, size)
  Error: cudaErrorDevicesUnavailable
  Description: CUDA-capable device(s) is/are busy or unavailable
  [FAIL] test_various_sizes_roundtrip: CUDA malloc for d_input failed
CUDA ERROR at /mnt/d/Research Experiments/TDPE_and_GPU_loading/NVComp with ZSTD/tests/cuda_error_checking.h:116
  Function: cudaMalloc(ptr, size)
  Error: cudaErrorDevicesUnavailable
  Description: CUDA-capable device(s) is/are busy or unavailable
  [FAIL] test_various_sizes_roundtrip: CUDA malloc for d_input failed
CUDA ERROR at /mnt/d/Research Experiments/TDPE_and_GPU_loading/NVComp with ZSTD/tests/cuda_error_checking.h:116
  Function: cudaMalloc(ptr, size)
  Error: cudaErrorDevicesUnavailable
  Description: CUDA-capable device(s) is/are busy or unavailable
  [FAIL] test_various_sizes_roundtrip: CUDA malloc for d_input failed
CUDA ERROR at /mnt/d/Research Experiments/TDPE_and_GPU_loading/NVComp with ZSTD/tests/cuda_error_checking.h:116
  Function: cudaMalloc(ptr, size)
  Error: cudaErrorDevicesUnavailable
  Description: CUDA-capable device(s) is/are busy or unavailable
  [FAIL] test_various_sizes_roundtrip: CUDA malloc for d_input failed
CUDA ERROR at /mnt/d/Research Experiments/TDPE_and_GPU_loading/NVComp with ZSTD/tests/cuda_error_checking.h:116
  Function: cudaMalloc(ptr, size)
  Error: cudaErrorDevicesUnavailable
  Description: CUDA-capable device(s) is/are busy or unavailable
  [FAIL] test_various_sizes_roundtrip: CUDA malloc for d_input failed
CUDA ERROR at /mnt/d/Research Experiments/TDPE_and_GPU_loading/NVComp with ZSTD/tests/cuda_error_checking.h:116
  Function: cudaMalloc(ptr, size)
  Error: cudaErrorDevicesUnavailable
  Description: CUDA-capable device(s) is/are busy or unavailable
  [FAIL] test_various_sizes_roundtrip: CUDA malloc for d_input failed
CUDA ERROR at /mnt/d/Research Experiments/TDPE_and_GPU_loading/NVComp with ZSTD/tests/cuda_error_checking.h:116
  Function: cudaMalloc(ptr, size)
  Error: cudaErrorDevicesUnavailable
  Description: CUDA-capable device(s) is/are busy or unavailable
  [FAIL] test_various_sizes_roundtrip: CUDA malloc for d_input failed
CUDA ERROR at /mnt/d/Research Experiments/TDPE_and_GPU_loading/NVComp with ZSTD/tests/cuda_error_checking.h:116
  Function: cudaMalloc(ptr, size)
  Error: cudaErrorDevicesUnavailable
  Description: CUDA-capable device(s) is/are busy or unavailable
  [FAIL] test_various_sizes_roundtrip: CUDA malloc for d_input failed
CUDA ERROR at /mnt/d/Research Experiments/TDPE_and_GPU_loading/NVComp with ZSTD/tests/cuda_error_checking.h:116
  Function: cudaMalloc(ptr, size)
  Error: cudaErrorDevicesUnavailable
  Description: CUDA-capable device(s) is/are busy or unavailable
  [FAIL] test_various_sizes_roundtrip: CUDA malloc for d_input failed
CUDA ERROR at /mnt/d/Research Experiments/TDPE_and_GPU_loading/NVComp with ZSTD/tests/cuda_error_checking.h:116
  Function: cudaMalloc(ptr, size)
  Error: cudaErrorDevicesUnavailable
  Description: CUDA-capable device(s) is/are busy or unavailable
  [FAIL] test_various_sizes_roundtrip: CUDA malloc for d_input failed
CUDA ERROR at /mnt/d/Research Experiments/TDPE_and_GPU_loading/NVComp with ZSTD/tests/cuda_error_checking.h:116
  Function: cudaMalloc(ptr, size)
  Error: cudaErrorDevicesUnavailable
  Description: CUDA-capable device(s) is/are busy or unavailable
  [FAIL] test_various_sizes_roundtrip: CUDA malloc for d_input failed
CUDA ERROR at /mnt/d/Research Experiments/TDPE_and_GPU_loading/NVComp with ZSTD/tests/cuda_error_checking.h:116
  Function: cudaMalloc(ptr, size)
  Error: cudaErrorDevicesUnavailable
  Description: CUDA-capable device(s) is/are busy or unavailable
  [FAIL] test_various_sizes_roundtrip: CUDA malloc for d_input failed
CUDA ERROR at /mnt/d/Research Experiments/TDPE_and_GPU_loading/NVComp with ZSTD/tests/cuda_error_checking.h:116
  Function: cudaMalloc(ptr, size)
  Error: cudaErrorDevicesUnavailable
  Description: CUDA-capable device(s) is/are busy or unavailable
  [FAIL] test_various_sizes_roundtrip: CUDA malloc for d_input failed
CUDA ERROR at /mnt/d/Research Experiments/TDPE_and_GPU_loading/NVComp with ZSTD/tests/cuda_error_checking.h:116
  Function: cudaMalloc(ptr, size)
  Error: cudaErrorDevicesUnavailable
  Description: CUDA-capable device(s) is/are busy or unavailable
  [FAIL] test_various_sizes_roundtrip: CUDA malloc for d_input failed
CUDA ERROR at /mnt/d/Research Experiments/TDPE_and_GPU_loading/NVComp with ZSTD/tests/cuda_error_checking.h:116
  Function: cudaMalloc(ptr, size)
  Error: cudaErrorDevicesUnavailable
  Description: CUDA-capable device(s) is/are busy or unavailable
  [FAIL] test_various_sizes_roundtrip: CUDA malloc for d_input failed
CUDA ERROR at /mnt/d/Research Experiments/TDPE_and_GPU_loading/NVComp with ZSTD/tests/cuda_error_checking.h:116
  Function: cudaMalloc(ptr, size)
  Error: cudaErrorDevicesUnavailable
  Description: CUDA-capable device(s) is/are busy or unavailable
  [FAIL] test_various_sizes_roundtrip: CUDA malloc for d_input failed
  [INFO] Passed: 0/39
  [FAIL] test_various_sizes_roundtrip: Some size tests failed
[WARNING] CUDA error during test cleanup: CUDA-capable device(s) is/are busy or unavailable

[TEST] Random Inputs Round-trip (1000 tests)
[WARNING] CUDA error during test cleanup: CUDA-capable device(s) is/are busy or unavailable
CUDA ERROR at /mnt/d/Research Experiments/TDPE_and_GPU_loading/NVComp with ZSTD/tests/cuda_error_checking.h:116
  Function: cudaMalloc(ptr, size)
  Error: cudaErrorDevicesUnavailable
  Description: CUDA-capable device(s) is/are busy or unavailable
  [FAIL] test_random_inputs_roundtrip: CUDA malloc for d_input failed
[WARNING] CUDA error during test cleanup: CUDA-capable device(s) is/are busy or unavailable
CUDA ERROR at /mnt/d/Research Experiments/TDPE_and_GPU_loading/NVComp with ZSTD/tests/cuda_error_checking.h:116
  Function: cudaMalloc(ptr, size)
  Error: cudaErrorDevicesUnavailable
  Description: CUDA-capable device(s) is/are busy or unavailable
  [FAIL] test_random_inputs_roundtrip: CUDA malloc for d_input failed
[WARNING] CUDA error during test cleanup: CUDA-capable device(s) is/are busy or unavailable
CUDA ERROR at /mnt/d/Research Experiments/TDPE_and_GPU_loading/NVComp with ZSTD/tests/cuda_error_checking.h:116
  Function: cudaMalloc(ptr, size)
  Error: cudaErrorDevicesUnavailable
  Description: CUDA-capable device(s) is/are busy or unavailable
  [FAIL] test_random_inputs_roundtrip: CUDA malloc for d_input failed
[WARNING] CUDA error during test cleanup: CUDA-capable device(s) is/are busy or unavailable
CUDA ERROR at /mnt/d/Research Experiments/TDPE_and_GPU_loading/NVComp with ZSTD/tests/cuda_error_checking.h:116
  Function: cudaMalloc(ptr, size)
  Error: cudaErrorDevicesUnavailable
  Description: CUDA-capable device(s) is/are busy or unavailable
  [FAIL] test_random_inputs_roundtrip: CUDA malloc for d_input failed
[WARNING] CUDA error during test cleanup: CUDA-capable device(s) is/are busy or unavailable
CUDA ERROR at /mnt/d/Research Experiments/TDPE_and_GPU_loading/NVComp with ZSTD/tests/cuda_error_checking.h:116
  Function: cudaMalloc(ptr, size)
  Error: cudaErrorDevicesUnavailable
  Description: CUDA-capable device(s) is/are busy or unavailable
  [FAIL] test_random_inputs_roundtrip: CUDA malloc for d_input failed
[WARNING] CUDA error during test cleanup: CUDA-capable device(s) is/are busy or unavailable
CUDA ERROR at /mnt/d/Research Experiments/TDPE_and_GPU_loading/NVComp with ZSTD/tests/cuda_error_checking.h:116
  Function: cudaMalloc(ptr, size)
  Error: cudaErrorDevicesUnavailable
  Description: CUDA-capable device(s) is/are busy or unavailable
  [FAIL] test_random_inputs_roundtrip: CUDA malloc for d_input failed
[WARNING] CUDA error during test cleanup: CUDA-capable device(s) is/are busy or unavailable
CUDA ERROR at /mnt/d/Research Experiments/TDPE_and_GPU_loading/NVComp with ZSTD/tests/cuda_error_checking.h:116
  Function: cudaMalloc(ptr, size)
  Error: cudaErrorDevicesUnavailable
  Description: CUDA-capable device(s) is/are busy or unavailable
  [FAIL] test_random_inputs_roundtrip: CUDA malloc for d_input failed
[WARNING] CUDA error during test cleanup: CUDA-capable device(s) is/are busy or unavailable
CUDA ERROR at /mnt/d/Research Experiments/TDPE_and_GPU_loading/NVComp with ZSTD/tests/cuda_error_checking.h:116
  Function: cudaMalloc(ptr, size)
  Error: cudaErrorDevicesUnavailable
  Description: CUDA-capable device(s) is/are busy or unavailable
  [FAIL] test_random_inputs_roundtrip: CUDA malloc for d_input failed
[WARNING] CUDA error during test cleanup: CUDA-capable device(s) is/are busy or unavailable
CUDA ERROR at /mnt/d/Research Experiments/TDPE_and_GPU_loading/NVComp with ZSTD/tests/cuda_error_checking.h:116
  Function: cudaMalloc(ptr, size)
  Error: cudaErrorDevicesUnavailable
  Description: CUDA-capable device(s) is/are busy or unavailable
  [FAIL] test_random_inputs_roundtrip: CUDA malloc for d_input failed
[WARNING] CUDA error during test cleanup: CUDA-capable device(s) is/are busy or unavailable
CUDA ERROR at /mnt/d/Research Experiments/TDPE_and_GPU_loading/NVComp with ZSTD/tests/cuda_error_checking.h:116
  Function: cudaMalloc(ptr, size)
  Error: cudaErrorDevicesUnavailable
  Description: CUDA-capable device(s) is/are busy or unavailable
  [FAIL] test_random_inputs_roundtrip: CUDA malloc for d_input failed
[WARNING] CUDA error during test cleanup: CUDA-capable device(s) is/are busy or unavailable
CUDA ERROR at /mnt/d/Research Experiments/TDPE_and_GPU_loading/NVComp with ZSTD/tests/cuda_error_checking.h:116
  Function: cudaMalloc(ptr, size)
  Error: cudaErrorDevicesUnavailable
  Description: CUDA-capable device(s) is/are busy or unavailable
  [FAIL] test_random_inputs_roundtrip: CUDA malloc for d_input failed
[WARNING] CUDA error during test cleanup: CUDA-capable device(s) is/are busy or unavailable
CUDA ERROR at /mnt/d/Research Experiments/TDPE_and_GPU_loading/NVComp with ZSTD/tests/cuda_error_checking.h:116
  Function: cudaMalloc(ptr, size)
  Error: cudaErrorDevicesUnavailable
  Description: CUDA-capable device(s) is/are busy or unavailable
  [FAIL] test_random_inputs_roundtrip: CUDA malloc for d_input failed
[WARNING] CUDA error during test cleanup: CUDA-capable device(s) is/are busy or unavailable
CUDA ERROR at /mnt/d/Research Experiments/TDPE_and_GPU_loading/NVComp with ZSTD/tests/cuda_error_checking.h:116
  Function: cudaMalloc(ptr, size)
  Error: cudaErrorDevicesUnavailable
  Description: CUDA-capable device(s) is/are busy or unavailable
  [FAIL] test_random_inputs_roundtrip: CUDA malloc for d_input failed
[WARNING] CUDA error during test cleanup: CUDA-capable device(s) is/are busy or unavailable
CUDA ERROR at /mnt/d/Research Experiments/TDPE_and_GPU_loading/NVComp with ZSTD/tests/cuda_error_checking.h:116
  Function: cudaMalloc(ptr, size)
  Error: cudaErrorDevicesUnavailable
  Description: CUDA-capable device(s) is/are busy or unavailable
  [FAIL] test_random_inputs_roundtrip: CUDA malloc for d_input failed
[WARNING] CUDA error during test cleanup: CUDA-capable device(s) is/are busy or unavailable
CUDA ERROR at /mnt/d/Research Experiments/TDPE_and_GPU_loading/NVComp with ZSTD/tests/cuda_error_checking.h:116
  Function: cudaMalloc(ptr, size)
  Error: cudaErrorDevicesUnavailable
  Description: CUDA-capable device(s) is/are busy or unavailable
  [FAIL] test_random_inputs_roundtrip: CUDA malloc for d_input failed
[WARNING] CUDA error during test cleanup: CUDA-capable device(s) is/are busy or unavailable
CUDA ERROR at /mnt/d/Research Experiments/TDPE_and_GPU_loading/NVComp with ZSTD/tests/cuda_error_checking.h:116
  Function: cudaMalloc(ptr, size)
  Error: cudaErrorDevicesUnavailable
  Description: CUDA-capable device(s) is/are busy or unavailable
  [FAIL] test_random_inputs_roundtrip: CUDA malloc for d_input failed
[WARNING] CUDA error during test cleanup: CUDA-capable device(s) is/are busy or unavailable
CUDA ERROR at /mnt/d/Research Experiments/TDPE_and_GPU_loading/NVComp with ZSTD/tests/cuda_error_checking.h:116
  Function: cudaMalloc(ptr, size)
  Error: cudaErrorDevicesUnavailable
  Description: CUDA-capable device(s) is/are busy or unavailable
  [FAIL] test_random_inputs_roundtrip: CUDA malloc for d_input failed
[WARNING] CUDA error during test cleanup: CUDA-capable device(s) is/are busy or unavailable
CUDA ERROR at /mnt/d/Research Experiments/TDPE_and_GPU_loading/NVComp with ZSTD/tests/cuda_error_checking.h:116
  Function: cudaMalloc(ptr, size)
  Error: cudaErrorDevicesUnavailable
  Description: CUDA-capable device(s) is/are busy or unavailable
  [FAIL] test_random_inputs_roundtrip: CUDA malloc for d_input failed
[WARNING] CUDA error during test cleanup: CUDA-capable device(s) is/are busy or unavailable
CUDA ERROR at /mnt/d/Research Experiments/TDPE_and_GPU_loading/NVComp with ZSTD/tests/cuda_error_checking.h:116
  Function: cudaMalloc(ptr, size)
  Error: cudaErrorDevicesUnavailable
  Description: CUDA-capable device(s) is/are busy or unavailable
  [FAIL] test_random_inputs_roundtrip: CUDA malloc for d_input failed
[WARNING] CUDA error during test cleanup: CUDA-capable device(s) is/are busy or unavailable
CUDA ERROR at /mnt/d/Research Experiments/TDPE_and_GPU_loading/NVComp with ZSTD/tests/cuda_error_checking.h:116
  Function: cudaMalloc(ptr, size)
  Error: cudaErrorDevicesUnavailable
  Description: CUDA-capable device(s) is/are busy or unavailable
  [FAIL] test_random_inputs_roundtrip: CUDA malloc for d_input failed
[WARNING] CUDA error during test cleanup: CUDA-capable device(s) is/are busy or unavailable
CUDA ERROR at /mnt/d/Research Experiments/TDPE_and_GPU_loading/NVComp with ZSTD/tests/cuda_error_checking.h:116
  Function: cudaMalloc(ptr, size)
  Error: cudaErrorDevicesUnavailable
  Description: CUDA-capable device(s) is/are busy or unavailable
  [FAIL] test_random_inputs_roundtrip: CUDA malloc for d_input failed
[WARNING] CUDA error during test cleanup: CUDA-capable device(s) is/are busy or unavailable
CUDA ERROR at /mnt/d/Research Experiments/TDPE_and_GPU_loading/NVComp with ZSTD/tests/cuda_error_checking.h:116
  Function: cudaMalloc(ptr, size)
  Error: cudaErrorDevicesUnavailable
  Description: CUDA-capable device(s) is/are busy or unavailable
  [FAIL] test_random_inputs_roundtrip: CUDA malloc for d_input failed
[WARNING] CUDA error during test cleanup: CUDA-capable device(s) is/are busy or unavailable
CUDA ERROR at /mnt/d/Research Experiments/TDPE_and_GPU_loading/NVComp with ZSTD/tests/cuda_error_checking.h:116
  Function: cudaMalloc(ptr, size)
  Error: cudaErrorDevicesUnavailable
  Description: CUDA-capable device(s) is/are busy or unavailable
  [FAIL] test_random_inputs_roundtrip: CUDA malloc for d_input failed
[WARNING] CUDA error during test cleanup: CUDA-capable device(s) is/are busy or unavailable
CUDA ERROR at /mnt/d/Research Experiments/TDPE_and_GPU_loading/NVComp with ZSTD/tests/cuda_error_checking.h:116
  Function: cudaMalloc(ptr, size)
  Error: cudaErrorDevicesUnavailable
  Description: CUDA-capable device(s) is/are busy or unavailable
  [FAIL] test_random_inputs_roundtrip: CUDA malloc for d_input failed
[WARNING] CUDA error during test cleanup: CUDA-capable device(s) is/are busy or unavailable
CUDA ERROR at /mnt/d/Research Experiments/TDPE_and_GPU_loading/NVComp with ZSTD/tests/cuda_error_checking.h:116
  Function: cudaMalloc(ptr, size)
  Error: cudaErrorDevicesUnavailable
  Description: CUDA-capable device(s) is/are busy or unavailable
  [FAIL] test_random_inputs_roundtrip: CUDA malloc for d_input failed
[WARNING] CUDA error during test cleanup: CUDA-capable device(s) is/are busy or unavailable
CUDA ERROR at /mnt/d/Research Experiments/TDPE_and_GPU_loading/NVComp with ZSTD/tests/cuda_error_checking.h:116
  Function: cudaMalloc(ptr, size)
  Error: cudaErrorDevicesUnavailable
  Description: CUDA-capable device(s) is/are busy or unavailable
  [FAIL] test_random_inputs_roundtrip: CUDA malloc for d_input failed
[WARNING] CUDA error during test cleanup: CUDA-capable device(s) is/are busy or unavailable
CUDA ERROR at /mnt/d/Research Experiments/TDPE_and_GPU_loading/NVComp with ZSTD/tests/cuda_error_checking.h:116
  Function: cudaMalloc(ptr, size)
  Error: cudaErrorDevicesUnavailable
  Description: CUDA-capable device(s) is/are busy or unavailable
  [FAIL] test_random_inputs_roundtrip: CUDA malloc for d_input failed
[WARNING] CUDA error during test cleanup: CUDA-capable device(s) is/are busy or unavailable
CUDA ERROR at /mnt/d/Research Experiments/TDPE_and_GPU_loading/NVComp with ZSTD/tests/cuda_error_checking.h:116
  Function: cudaMalloc(ptr, size)
  Error: cudaErrorDevicesUnavailable
  Description: CUDA-capable device(s) is/are busy or unavailable
  [FAIL] test_random_inputs_roundtrip: CUDA malloc for d_input failed
[WARNING] CUDA error during test cleanup: CUDA-capable device(s) is/are busy or unavailable
CUDA ERROR at /mnt/d/Research Experiments/TDPE_and_GPU_loading/NVComp with ZSTD/tests/cuda_error_checking.h:116
  Function: cudaMalloc(ptr, size)
  Error: cudaErrorDevicesUnavailable
  Description: CUDA-capable device(s) is/are busy or unavailable
  [FAIL] test_random_inputs_roundtrip: CUDA malloc for d_input failed
[WARNING] CUDA error during test cleanup: CUDA-capable device(s) is/are busy or unavailable
CUDA ERROR at /mnt/d/Research Experiments/TDPE_and_GPU_loading/NVComp with ZSTD/tests/cuda_error_checking.h:116
  Function: cudaMalloc(ptr, size)
  Error: cudaErrorDevicesUnavailable
  Description: CUDA-capable device(s) is/are busy or unavailable
  [FAIL] test_random_inputs_roundtrip: CUDA malloc for d_input failed
[WARNING] CUDA error during test cleanup: CUDA-capable device(s) is/are busy or unavailable
CUDA ERROR at /mnt/d/Research Experiments/TDPE_and_GPU_loading/NVComp with ZSTD/tests/cuda_error_checking.h:116
  Function: cudaMalloc(ptr, size)
  Error: cudaErrorDevicesUnavailable
  Description: CUDA-capable device(s) is/are busy or unavailable
  [FAIL] test_random_inputs_roundtrip: CUDA malloc for d_input failed
[WARNING] CUDA error during test cleanup: CUDA-capable device(s) is/are busy or unavailable
CUDA ERROR at /mnt/d/Research Experiments/TDPE_and_GPU_loading/NVComp with ZSTD/tests/cuda_error_checking.h:116
  Function: cudaMalloc(ptr, size)
  Error: cudaErrorDevicesUnavailable
  Description: CUDA-capable device(s) is/are busy or unavailable
  [FAIL] test_random_inputs_roundtrip: CUDA malloc for d_input failed
[WARNING] CUDA error during test cleanup: CUDA-capable device(s) is/are busy or unavailable
CUDA ERROR at /mnt/d/Research Experiments/TDPE_and_GPU_loading/NVComp with ZSTD/tests/cuda_error_checking.h:116
  Function: cudaMalloc(ptr, size)
  Error: cudaErrorDevicesUnavailable
  Description: CUDA-capable device(s) is/are busy or unavailable
  [FAIL] test_random_inputs_roundtrip: CUDA malloc for d_input failed
[WARNING] CUDA error during test cleanup: CUDA-capable device(s) is/are busy or unavailable
CUDA ERROR at /mnt/d/Research Experiments/TDPE_and_GPU_loading/NVComp with ZSTD/tests/cuda_error_checking.h:116
  Function: cudaMalloc(ptr, size)
  Error: cudaErrorDevicesUnavailable
  Description: CUDA-capable device(s) is/are busy or unavailable
  [FAIL] test_random_inputs_roundtrip: CUDA malloc for d_input failed
[WARNING] CUDA error during test cleanup: CUDA-capable device(s) is/are busy or unavailable
CUDA ERROR at /mnt/d/Research Experiments/TDPE_and_GPU_loading/NVComp with ZSTD/tests/cuda_error_checking.h:116
  Function: cudaMalloc(ptr, size)
  Error: cudaErrorDevicesUnavailable
  Description: CUDA-capable device(s) is/are busy or unavailable
  [FAIL] test_random_inputs_roundtrip: CUDA malloc for d_input failed
[WARNING] CUDA error during test cleanup: CUDA-capable device(s) is/are busy or unavailable
CUDA ERROR at /mnt/d/Research Experiments/TDPE_and_GPU_loading/NVComp with ZSTD/tests/cuda_error_checking.h:116
  Function: cudaMalloc(ptr, size)
  Error: cudaErrorDevicesUnavailable
  Description: CUDA-capable device(s) is/are busy or unavailable
  [FAIL] test_random_inputs_roundtrip: CUDA malloc for d_input failed
[WARNING] CUDA error during test cleanup: CUDA-capable device(s) is/are busy or unavailable
CUDA ERROR at /mnt/d/Research Experiments/TDPE_and_GPU_loading/NVComp with ZSTD/tests/cuda_error_checking.h:116
  Function: cudaMalloc(ptr, size)
  Error: cudaErrorDevicesUnavailable
  Description: CUDA-capable device(s) is/are busy or unavailable
  [FAIL] test_random_inputs_roundtrip: CUDA malloc for d_input failed
[WARNING] CUDA error during test cleanup: CUDA-capable device(s) is/are busy or unavailable
CUDA ERROR at /mnt/d/Research Experiments/TDPE_and_GPU_loading/NVComp with ZSTD/tests/cuda_error_checking.h:116
  Function: cudaMalloc(ptr, size)
  Error: cudaErrorDevicesUnavailable
  Description: CUDA-capable device(s) is/are busy or unavailable
  [FAIL] test_random_inputs_roundtrip: CUDA malloc for d_input failed
[WARNING] CUDA error during test cleanup: CUDA-capable device(s) is/are busy or unavailable
CUDA ERROR at /mnt/d/Research Experiments/TDPE_and_GPU_loading/NVComp with ZSTD/tests/cuda_error_checking.h:116
  Function: cudaMalloc(ptr, size)
  Error: cudaErrorDevicesUnavailable
  Description: CUDA-capable device(s) is/are busy or unavailable
  [FAIL] test_random_inputs_roundtrip: CUDA malloc for d_input failed
[WARNING] CUDA error during test cleanup: CUDA-capable device(s) is/are busy or unavailable
CUDA ERROR at /mnt/d/Research Experiments/TDPE_and_GPU_loading/NVComp with ZSTD/tests/cuda_error_checking.h:116
  Function: cudaMalloc(ptr, size)
  Error: cudaErrorDevicesUnavailable
  Description: CUDA-capable device(s) is/are busy or unavailable
  [FAIL] test_random_inputs_roundtrip: CUDA malloc for d_input failed
[WARNING] CUDA error during test cleanup: CUDA-capable device(s) is/are busy or unavailable
CUDA ERROR at /mnt/d/Research Experiments/TDPE_and_GPU_loading/NVComp with ZSTD/tests/cuda_error_checking.h:116
  Function: cudaMalloc(ptr, size)
  Error: cudaErrorDevicesUnavailable
  Description: CUDA-capable device(s) is/are busy or unavailable
  [FAIL] test_random_inputs_roundtrip: CUDA malloc for d_input failed
[WARNING] CUDA error during test cleanup: CUDA-capable device(s) is/are busy or unavailable
CUDA ERROR at /mnt/d/Research Experiments/TDPE_and_GPU_loading/NVComp with ZSTD/tests/cuda_error_checking.h:116
  Function: cudaMalloc(ptr, size)
  Error: cudaErrorDevicesUnavailable
  Description: CUDA-capable device(s) is/are busy or unavailable
  [FAIL] test_random_inputs_roundtrip: CUDA malloc for d_input failed
[WARNING] CUDA error during test cleanup: CUDA-capable device(s) is/are busy or unavailable
CUDA ERROR at /mnt/d/Research Experiments/TDPE_and_GPU_loading/NVComp with ZSTD/tests/cuda_error_checking.h:116
  Function: cudaMalloc(ptr, size)
  Error: cudaErrorDevicesUnavailable
  Description: CUDA-capable device(s) is/are busy or unavailable
  [FAIL] test_random_inputs_roundtrip: CUDA malloc for d_input failed
[WARNING] CUDA error during test cleanup: CUDA-capable device(s) is/are busy or unavailable
CUDA ERROR at /mnt/d/Research Experiments/TDPE_and_GPU_loading/NVComp with ZSTD/tests/cuda_error_checking.h:116
  Function: cudaMalloc(ptr, size)
  Error: cudaErrorDevicesUnavailable
  Description: CUDA-capable device(s) is/are busy or unavailable
  [FAIL] test_random_inputs_roundtrip: CUDA malloc for d_input failed
[WARNING] CUDA error during test cleanup: CUDA-capable device(s) is/are busy or unavailable
CUDA ERROR at /mnt/d/Research Experiments/TDPE_and_GPU_loading/NVComp with ZSTD/tests/cuda_error_checking.h:116
  Function: cudaMalloc(ptr, size)
  Error: cudaErrorDevicesUnavailable
  Description: CUDA-capable device(s) is/are busy or unavailable
  [FAIL] test_random_inputs_roundtrip: CUDA malloc for d_input failed
[WARNING] CUDA error during test cleanup: CUDA-capable device(s) is/are busy or unavailable
CUDA ERROR at /mnt/d/Research Experiments/TDPE_and_GPU_loading/NVComp with ZSTD/tests/cuda_error_checking.h:116
  Function: cudaMalloc(ptr, size)
  Error: cudaErrorDevicesUnavailable
  Description: CUDA-capable device(s) is/are busy or unavailable
  [FAIL] test_random_inputs_roundtrip: CUDA malloc for d_input failed
[WARNING] CUDA error during test cleanup: CUDA-capable device(s) is/are busy or unavailable
CUDA ERROR at /mnt/d/Research Experiments/TDPE_and_GPU_loading/NVComp with ZSTD/tests/cuda_error_checking.h:116
  Function: cudaMalloc(ptr, size)
  Error: cudaErrorDevicesUnavailable
  Description: CUDA-capable device(s) is/are busy or unavailable
  [FAIL] test_random_inputs_roundtrip: CUDA malloc for d_input failed
[WARNING] CUDA error during test cleanup: CUDA-capable device(s) is/are busy or unavailable
CUDA ERROR at /mnt/d/Research Experiments/TDPE_and_GPU_loading/NVComp with ZSTD/tests/cuda_error_checking.h:116
  Function: cudaMalloc(ptr, size)
  Error: cudaErrorDevicesUnavailable
  Description: CUDA-capable device(s) is/are busy or unavailable
  [FAIL] test_random_inputs_roundtrip: CUDA malloc for d_input failed
[WARNING] CUDA error during test cleanup: CUDA-capable device(s) is/are busy or unavailable
CUDA ERROR at /mnt/d/Research Experiments/TDPE_and_GPU_loading/NVComp with ZSTD/tests/cuda_error_checking.h:116
  Function: cudaMalloc(ptr, size)
  Error: cudaErrorDevicesUnavailable
  Description: CUDA-capable device(s) is/are busy or unavailable
  [FAIL] test_random_inputs_roundtrip: CUDA malloc for d_input failed
[WARNING] CUDA error during test cleanup: CUDA-capable device(s) is/are busy or unavailable
CUDA ERROR at /mnt/d/Research Experiments/TDPE_and_GPU_loading/NVComp with ZSTD/tests/cuda_error_checking.h:116
  Function: cudaMalloc(ptr, size)
  Error: cudaErrorDevicesUnavailable
  Description: CUDA-capable device(s) is/are busy or unavailable
  [FAIL] test_random_inputs_roundtrip: CUDA malloc for d_input failed
[WARNING] CUDA error during test cleanup: CUDA-capable device(s) is/are busy or unavailable
CUDA ERROR at /mnt/d/Research Experiments/TDPE_and_GPU_loading/NVComp with ZSTD/tests/cuda_error_checking.h:116
  Function: cudaMalloc(ptr, size)
  Error: cudaErrorDevicesUnavailable
  Description: CUDA-capable device(s) is/are busy or unavailable
  [FAIL] test_random_inputs_roundtrip: CUDA malloc for d_input failed
[WARNING] CUDA error during test cleanup: CUDA-capable device(s) is/are busy or unavailable
CUDA ERROR at /mnt/d/Research Experiments/TDPE_and_GPU_loading/NVComp with ZSTD/tests/cuda_error_checking.h:116
  Function: cudaMalloc(ptr, size)
  Error: cudaErrorDevicesUnavailable
  Description: CUDA-capable device(s) is/are busy or unavailable
  [FAIL] test_random_inputs_roundtrip: CUDA malloc for d_input failed
[WARNING] CUDA error during test cleanup: CUDA-capable device(s) is/are busy or unavailable
CUDA ERROR at /mnt/d/Research Experiments/TDPE_and_GPU_loading/NVComp with ZSTD/tests/cuda_error_checking.h:116
  Function: cudaMalloc(ptr, size)
  Error: cudaErrorDevicesUnavailable
  Description: CUDA-capable device(s) is/are busy or unavailable
  [FAIL] test_random_inputs_roundtrip: CUDA malloc for d_input failed
[WARNING] CUDA error during test cleanup: CUDA-capable device(s) is/are busy or unavailable
CUDA ERROR at /mnt/d/Research Experiments/TDPE_and_GPU_loading/NVComp with ZSTD/tests/cuda_error_checking.h:116
  Function: cudaMalloc(ptr, size)
  Error: cudaErrorDevicesUnavailable
  Description: CUDA-capable device(s) is/are busy or unavailable
  [FAIL] test_random_inputs_roundtrip: CUDA malloc for d_input failed
[WARNING] CUDA error during test cleanup: CUDA-capable device(s) is/are busy or unavailable
CUDA ERROR at /mnt/d/Research Experiments/TDPE_and_GPU_loading/NVComp with ZSTD/tests/cuda_error_checking.h:116
  Function: cudaMalloc(ptr, size)
  Error: cudaErrorDevicesUnavailable
  Description: CUDA-capable device(s) is/are busy or unavailable
  [FAIL] test_random_inputs_roundtrip: CUDA malloc for d_input failed
[WARNING] CUDA error during test cleanup: CUDA-capable device(s) is/are busy or unavailable
CUDA ERROR at /mnt/d/Research Experiments/TDPE_and_GPU_loading/NVComp with ZSTD/tests/cuda_error_checking.h:116
  Function: cudaMalloc(ptr, size)
  Error: cudaErrorDevicesUnavailable
  Description: CUDA-capable device(s) is/are busy or unavailable
  [FAIL] test_random_inputs_roundtrip: CUDA malloc for d_input failed
[WARNING] CUDA error during test cleanup: CUDA-capable device(s) is/are busy or unavailable
CUDA ERROR at /mnt/d/Research Experiments/TDPE_and_GPU_loading/NVComp with ZSTD/tests/cuda_error_checking.h:116
  Function: cudaMalloc(ptr, size)
  Error: cudaErrorDevicesUnavailable
  Description: CUDA-capable device(s) is/are busy or unavailable
  [FAIL] test_random_inputs_roundtrip: CUDA malloc for d_input failed
[WARNING] CUDA error during test cleanup: CUDA-capable device(s) is/are busy or unavailable
CUDA ERROR at /mnt/d/Research Experiments/TDPE_and_GPU_loading/NVComp with ZSTD/tests/cuda_error_checking.h:116
  Function: cudaMalloc(ptr, size)
  Error: cudaErrorDevicesUnavailable
  Description: CUDA-capable device(s) is/are busy or unavailable
  [FAIL] test_random_inputs_roundtrip: CUDA malloc for d_input failed
[WARNING] CUDA error during test cleanup: CUDA-capable device(s) is/are busy or unavailable
CUDA ERROR at /mnt/d/Research Experiments/TDPE_and_GPU_loading/NVComp with ZSTD/tests/cuda_error_checking.h:116
  Function: cudaMalloc(ptr, size)
  Error: cudaErrorDevicesUnavailable
  Description: CUDA-capable device(s) is/are busy or unavailable
  [FAIL] test_random_inputs_roundtrip: CUDA malloc for d_input failed
[WARNING] CUDA error during test cleanup: CUDA-capable device(s) is/are busy or unavailable
CUDA ERROR at /mnt/d/Research Experiments/TDPE_and_GPU_loading/NVComp with ZSTD/tests/cuda_error_checking.h:116
  Function: cudaMalloc(ptr, size)
  Error: cudaErrorDevicesUnavailable
  Description: CUDA-capable device(s) is/are busy or unavailable
  [FAIL] test_random_inputs_roundtrip: CUDA malloc for d_input failed
[WARNING] CUDA error during test cleanup: CUDA-capable device(s) is/are busy or unavailable
CUDA ERROR at /mnt/d/Research Experiments/TDPE_and_GPU_loading/NVComp with ZSTD/tests/cuda_error_checking.h:116
  Function: cudaMalloc(ptr, size)
  Error: cudaErrorDevicesUnavailable
  Description: CUDA-capable device(s) is/are busy or unavailable
  [FAIL] test_random_inputs_roundtrip: CUDA malloc for d_input failed
[WARNING] CUDA error during test cleanup: CUDA-capable device(s) is/are busy or unavailable
CUDA ERROR at /mnt/d/Research Experiments/TDPE_and_GPU_loading/NVComp with ZSTD/tests/cuda_error_checking.h:116
  Function: cudaMalloc(ptr, size)
  Error: cudaErrorDevicesUnavailable
  Description: CUDA-capable device(s) is/are busy or unavailable
  [FAIL] test_random_inputs_roundtrip: CUDA malloc for d_input failed
[WARNING] CUDA error during test cleanup: CUDA-capable device(s) is/are busy or unavailable
CUDA ERROR at /mnt/d/Research Experiments/TDPE_and_GPU_loading/NVComp with ZSTD/tests/cuda_error_checking.h:116
  Function: cudaMalloc(ptr, size)
  Error: cudaErrorDevicesUnavailable
  Description: CUDA-capable device(s) is/are busy or unavailable
  [FAIL] test_random_inputs_roundtrip: CUDA malloc for d_input failed
[WARNING] CUDA error during test cleanup: CUDA-capable device(s) is/are busy or unavailable
CUDA ERROR at /mnt/d/Research Experiments/TDPE_and_GPU_loading/NVComp with ZSTD/tests/cuda_error_checking.h:116
  Function: cudaMalloc(ptr, size)
  Error: cudaErrorDevicesUnavailable
  Description: CUDA-capable device(s) is/are busy or unavailable
  [FAIL] test_random_inputs_roundtrip: CUDA malloc for d_input failed
[WARNING] CUDA error during test cleanup: CUDA-capable device(s) is/are busy or unavailable
CUDA ERROR at /mnt/d/Research Experiments/TDPE_and_GPU_loading/NVComp with ZSTD/tests/cuda_error_checking.h:116
  Function: cudaMalloc(ptr, size)
  Error: cudaErrorDevicesUnavailable
  Description: CUDA-capable device(s) is/are busy or unavailable
  [FAIL] test_random_inputs_roundtrip: CUDA malloc for d_input failed
[WARNING] CUDA error during test cleanup: CUDA-capable device(s) is/are busy or unavailable
CUDA ERROR at /mnt/d/Research Experiments/TDPE_and_GPU_loading/NVComp with ZSTD/tests/cuda_error_checking.h:116
  Function: cudaMalloc(ptr, size)
  Error: cudaErrorDevicesUnavailable
  Description: CUDA-capable device(s) is/are busy or unavailable
  [FAIL] test_random_inputs_roundtrip: CUDA malloc for d_input failed
[WARNING] CUDA error during test cleanup: CUDA-capable device(s) is/are busy or unavailable
CUDA ERROR at /mnt/d/Research Experiments/TDPE_and_GPU_loading/NVComp with ZSTD/tests/cuda_error_checking.h:116
  Function: cudaMalloc(ptr, size)
  Error: cudaErrorDevicesUnavailable
  Description: CUDA-capable device(s) is/are busy or unavailable
  [FAIL] test_random_inputs_roundtrip: CUDA malloc for d_input failed
[WARNING] CUDA error during test cleanup: CUDA-capable device(s) is/are busy or unavailable
CUDA ERROR at /mnt/d/Research Experiments/TDPE_and_GPU_loading/NVComp with ZSTD/tests/cuda_error_checking.h:116
  Function: cudaMalloc(ptr, size)
  Error: cudaErrorDevicesUnavailable
  Description: CUDA-capable device(s) is/are busy or unavailable
  [FAIL] test_random_inputs_roundtrip: CUDA malloc for d_input failed
[WARNING] CUDA error during test cleanup: CUDA-capable device(s) is/are busy or unavailable
CUDA ERROR at /mnt/d/Research Experiments/TDPE_and_GPU_loading/NVComp with ZSTD/tests/cuda_error_checking.h:116
  Function: cudaMalloc(ptr, size)
  Error: cudaErrorDevicesUnavailable
  Description: CUDA-capable device(s) is/are busy or unavailable
  [FAIL] test_random_inputs_roundtrip: CUDA malloc for d_input failed
[WARNING] CUDA error during test cleanup: CUDA-capable device(s) is/are busy or unavailable
CUDA ERROR at /mnt/d/Research Experiments/TDPE_and_GPU_loading/NVComp with ZSTD/tests/cuda_error_checking.h:116
  Function: cudaMalloc(ptr, size)
  Error: cudaErrorDevicesUnavailable
  Description: CUDA-capable device(s) is/are busy or unavailable
  [FAIL] test_random_inputs_roundtrip: CUDA malloc for d_input failed
[WARNING] CUDA error during test cleanup: CUDA-capable device(s) is/are busy or unavailable
CUDA ERROR at /mnt/d/Research Experiments/TDPE_and_GPU_loading/NVComp with ZSTD/tests/cuda_error_checking.h:116
  Function: cudaMalloc(ptr, size)
  Error: cudaErrorDevicesUnavailable
  Description: CUDA-capable device(s) is/are busy or unavailable
  [FAIL] test_random_inputs_roundtrip: CUDA malloc for d_input failed
[WARNING] CUDA error during test cleanup: CUDA-capable device(s) is/are busy or unavailable
CUDA ERROR at /mnt/d/Research Experiments/TDPE_and_GPU_loading/NVComp with ZSTD/tests/cuda_error_checking.h:116
  Function: cudaMalloc(ptr, size)
  Error: cudaErrorDevicesUnavailable
  Description: CUDA-capable device(s) is/are busy or unavailable
  [FAIL] test_random_inputs_roundtrip: CUDA malloc for d_input failed
[WARNING] CUDA error during test cleanup: CUDA-capable device(s) is/are busy or unavailable
CUDA ERROR at /mnt/d/Research Experiments/TDPE_and_GPU_loading/NVComp with ZSTD/tests/cuda_error_checking.h:116
  Function: cudaMalloc(ptr, size)
  Error: cudaErrorDevicesUnavailable
  Description: CUDA-capable device(s) is/are busy or unavailable
  [FAIL] test_random_inputs_roundtrip: CUDA malloc for d_input failed
[WARNING] CUDA error during test cleanup: CUDA-capable device(s) is/are busy or unavailable
CUDA ERROR at /mnt/d/Research Experiments/TDPE_and_GPU_loading/NVComp with ZSTD/tests/cuda_error_checking.h:116
  Function: cudaMalloc(ptr, size)
  Error: cudaErrorDevicesUnavailable
  Description: CUDA-capable device(s) is/are busy or unavailable
  [FAIL] test_random_inputs_roundtrip: CUDA malloc for d_input failed
[WARNING] CUDA error during test cleanup: CUDA-capable device(s) is/are busy or unavailable
CUDA ERROR at /mnt/d/Research Experiments/TDPE_and_GPU_loading/NVComp with ZSTD/tests/cuda_error_checking.h:116
  Function: cudaMalloc(ptr, size)
  Error: cudaErrorDevicesUnavailable
  Description: CUDA-capable device(s) is/are busy or unavailable
  [FAIL] test_random_inputs_roundtrip: CUDA malloc for d_input failed
[WARNING] CUDA error during test cleanup: CUDA-capable device(s) is/are busy or unavailable
CUDA ERROR at /mnt/d/Research Experiments/TDPE_and_GPU_loading/NVComp with ZSTD/tests/cuda_error_checking.h:116
  Function: cudaMalloc(ptr, size)
  Error: cudaErrorDevicesUnavailable
  Description: CUDA-capable device(s) is/are busy or unavailable
  [FAIL] test_random_inputs_roundtrip: CUDA malloc for d_input failed
[WARNING] CUDA error during test cleanup: CUDA-capable device(s) is/are busy or unavailable
CUDA ERROR at /mnt/d/Research Experiments/TDPE_and_GPU_loading/NVComp with ZSTD/tests/cuda_error_checking.h:116
  Function: cudaMalloc(ptr, size)
  Error: cudaErrorDevicesUnavailable
  Description: CUDA-capable device(s) is/are busy or unavailable
  [FAIL] test_random_inputs_roundtrip: CUDA malloc for d_input failed
[WARNING] CUDA error during test cleanup: CUDA-capable device(s) is/are busy or unavailable
CUDA ERROR at /mnt/d/Research Experiments/TDPE_and_GPU_loading/NVComp with ZSTD/tests/cuda_error_checking.h:116
  Function: cudaMalloc(ptr, size)
  Error: cudaErrorDevicesUnavailable
  Description: CUDA-capable device(s) is/are busy or unavailable
  [FAIL] test_random_inputs_roundtrip: CUDA malloc for d_input failed
[WARNING] CUDA error during test cleanup: CUDA-capable device(s) is/are busy or unavailable
CUDA ERROR at /mnt/d/Research Experiments/TDPE_and_GPU_loading/NVComp with ZSTD/tests/cuda_error_checking.h:116
  Function: cudaMalloc(ptr, size)
  Error: cudaErrorDevicesUnavailable
  Description: CUDA-capable device(s) is/are busy or unavailable
  [FAIL] test_random_inputs_roundtrip: CUDA malloc for d_input failed
[WARNING] CUDA error during test cleanup: CUDA-capable device(s) is/are busy or unavailable
CUDA ERROR at /mnt/d/Research Experiments/TDPE_and_GPU_loading/NVComp with ZSTD/tests/cuda_error_checking.h:116
  Function: cudaMalloc(ptr, size)
  Error: cudaErrorDevicesUnavailable
  Description: CUDA-capable device(s) is/are busy or unavailable
  [FAIL] test_random_inputs_roundtrip: CUDA malloc for d_input failed
[WARNING] CUDA error during test cleanup: CUDA-capable device(s) is/are busy or unavailable
CUDA ERROR at /mnt/d/Research Experiments/TDPE_and_GPU_loading/NVComp with ZSTD/tests/cuda_error_checking.h:116
  Function: cudaMalloc(ptr, size)
  Error: cudaErrorDevicesUnavailable
  Description: CUDA-capable device(s) is/are busy or unavailable
  [FAIL] test_random_inputs_roundtrip: CUDA malloc for d_input failed
[WARNING] CUDA error during test cleanup: CUDA-capable device(s) is/are busy or unavailable
CUDA ERROR at /mnt/d/Research Experiments/TDPE_and_GPU_loading/NVComp with ZSTD/tests/cuda_error_checking.h:116
  Function: cudaMalloc(ptr, size)
  Error: cudaErrorDevicesUnavailable
  Description: CUDA-capable device(s) is/are busy or unavailable
  [FAIL] test_random_inputs_roundtrip: CUDA malloc for d_input failed
[WARNING] CUDA error during test cleanup: CUDA-capable device(s) is/are busy or unavailable
CUDA ERROR at /mnt/d/Research Experiments/TDPE_and_GPU_loading/NVComp with ZSTD/tests/cuda_error_checking.h:116
  Function: cudaMalloc(ptr, size)
  Error: cudaErrorDevicesUnavailable
  Description: CUDA-capable device(s) is/are busy or unavailable
  [FAIL] test_random_inputs_roundtrip: CUDA malloc for d_input failed
[WARNING] CUDA error during test cleanup: CUDA-capable device(s) is/are busy or unavailable
CUDA ERROR at /mnt/d/Research Experiments/TDPE_and_GPU_loading/NVComp with ZSTD/tests/cuda_error_checking.h:116
  Function: cudaMalloc(ptr, size)
  Error: cudaErrorDevicesUnavailable
  Description: CUDA-capable device(s) is/are busy or unavailable
  [FAIL] test_random_inputs_roundtrip: CUDA malloc for d_input failed
[WARNING] CUDA error during test cleanup: CUDA-capable device(s) is/are busy or unavailable
CUDA ERROR at /mnt/d/Research Experiments/TDPE_and_GPU_loading/NVComp with ZSTD/tests/cuda_error_checking.h:116
  Function: cudaMalloc(ptr, size)
  Error: cudaErrorDevicesUnavailable
  Description: CUDA-capable device(s) is/are busy or unavailable
  [FAIL] test_random_inputs_roundtrip: CUDA malloc for d_input failed
[WARNING] CUDA error during test cleanup: CUDA-capable device(s) is/are busy or unavailable
CUDA ERROR at /mnt/d/Research Experiments/TDPE_and_GPU_loading/NVComp with ZSTD/tests/cuda_error_checking.h:116
  Function: cudaMalloc(ptr, size)
  Error: cudaErrorDevicesUnavailable
  Description: CUDA-capable device(s) is/are busy or unavailable
  [FAIL] test_random_inputs_roundtrip: CUDA malloc for d_input failed
[WARNING] CUDA error during test cleanup: CUDA-capable device(s) is/are busy or unavailable
CUDA ERROR at /mnt/d/Research Experiments/TDPE_and_GPU_loading/NVComp with ZSTD/tests/cuda_error_checking.h:116
  Function: cudaMalloc(ptr, size)
  Error: cudaErrorDevicesUnavailable
  Description: CUDA-capable device(s) is/are busy or unavailable
  [FAIL] test_random_inputs_roundtrip: CUDA malloc for d_input failed
[WARNING] CUDA error during test cleanup: CUDA-capable device(s) is/are busy or unavailable
CUDA ERROR at /mnt/d/Research Experiments/TDPE_and_GPU_loading/NVComp with ZSTD/tests/cuda_error_checking.h:116
  Function: cudaMalloc(ptr, size)
  Error: cudaErrorDevicesUnavailable
  Description: CUDA-capable device(s) is/are busy or unavailable
  [FAIL] test_random_inputs_roundtrip: CUDA malloc for d_input failed
[WARNING] CUDA error during test cleanup: CUDA-capable device(s) is/are busy or unavailable
CUDA ERROR at /mnt/d/Research Experiments/TDPE_and_GPU_loading/NVComp with ZSTD/tests/cuda_error_checking.h:116
  Function: cudaMalloc(ptr, size)
  Error: cudaErrorDevicesUnavailable
  Description: CUDA-capable device(s) is/are busy or unavailable
  [FAIL] test_random_inputs_roundtrip: CUDA malloc for d_input failed
[WARNING] CUDA error during test cleanup: CUDA-capable device(s) is/are busy or unavailable
CUDA ERROR at /mnt/d/Research Experiments/TDPE_and_GPU_loading/NVComp with ZSTD/tests/cuda_error_checking.h:116
  Function: cudaMalloc(ptr, size)
  Error: cudaErrorDevicesUnavailable
  Description: CUDA-capable device(s) is/are busy or unavailable
  [FAIL] test_random_inputs_roundtrip: CUDA malloc for d_input failed
[WARNING] CUDA error during test cleanup: CUDA-capable device(s) is/are busy or unavailable
CUDA ERROR at /mnt/d/Research Experiments/TDPE_and_GPU_loading/NVComp with ZSTD/tests/cuda_error_checking.h:116
  Function: cudaMalloc(ptr, size)
  Error: cudaErrorDevicesUnavailable
  Description: CUDA-capable device(s) is/are busy or unavailable
  [FAIL] test_random_inputs_roundtrip: CUDA malloc for d_input failed
[WARNING] CUDA error during test cleanup: CUDA-capable device(s) is/are busy or unavailable
CUDA ERROR at /mnt/d/Research Experiments/TDPE_and_GPU_loading/NVComp with ZSTD/tests/cuda_error_checking.h:116
  Function: cudaMalloc(ptr, size)
  Error: cudaErrorDevicesUnavailable
  Description: CUDA-capable device(s) is/are busy or unavailable
  [FAIL] test_random_inputs_roundtrip: CUDA malloc for d_input failed
[WARNING] CUDA error during test cleanup: CUDA-capable device(s) is/are busy or unavailable
CUDA ERROR at /mnt/d/Research Experiments/TDPE_and_GPU_loading/NVComp with ZSTD/tests/cuda_error_checking.h:116
  Function: cudaMalloc(ptr, size)
  Error: cudaErrorDevicesUnavailable
  Description: CUDA-capable device(s) is/are busy or unavailable
  [FAIL] test_random_inputs_roundtrip: CUDA malloc for d_input failed
[WARNING] CUDA error during test cleanup: CUDA-capable device(s) is/are busy or unavailable
CUDA ERROR at /mnt/d/Research Experiments/TDPE_and_GPU_loading/NVComp with ZSTD/tests/cuda_error_checking.h:116
  Function: cudaMalloc(ptr, size)
  Error: cudaErrorDevicesUnavailable
  Description: CUDA-capable device(s) is/are busy or unavailable
  [FAIL] test_random_inputs_roundtrip: CUDA malloc for d_input failed
[WARNING] CUDA error during test cleanup: CUDA-capable device(s) is/are busy or unavailable
CUDA ERROR at /mnt/d/Research Experiments/TDPE_and_GPU_loading/NVComp with ZSTD/tests/cuda_error_checking.h:116
  Function: cudaMalloc(ptr, size)
  Error: cudaErrorDevicesUnavailable
  Description: CUDA-capable device(s) is/are busy or unavailable
  [FAIL] test_random_inputs_roundtrip: CUDA malloc for d_input failed
[WARNING] CUDA error during test cleanup: CUDA-capable device(s) is/are busy or unavailable
CUDA ERROR at /mnt/d/Research Experiments/TDPE_and_GPU_loading/NVComp with ZSTD/tests/cuda_error_checking.h:116
  Function: cudaMalloc(ptr, size)
  Error: cudaErrorDevicesUnavailable
  Description: CUDA-capable device(s) is/are busy or unavailable
  [FAIL] test_random_inputs_roundtrip: CUDA malloc for d_input failed
[WARNING] CUDA error during test cleanup: CUDA-capable device(s) is/are busy or unavailable
CUDA ERROR at /mnt/d/Research Experiments/TDPE_and_GPU_loading/NVComp with ZSTD/tests/cuda_error_checking.h:116
  Function: cudaMalloc(ptr, size)
  Error: cudaErrorDevicesUnavailable
  Description: CUDA-capable device(s) is/are busy or unavailable
  [FAIL] test_random_inputs_roundtrip: CUDA malloc for d_input failed
[WARNING] CUDA error during test cleanup: CUDA-capable device(s) is/are busy or unavailable
CUDA ERROR at /mnt/d/Research Experiments/TDPE_and_GPU_loading/NVComp with ZSTD/tests/cuda_error_checking.h:116
  Function: cudaMalloc(ptr, size)
  Error: cudaErrorDevicesUnavailable
  Description: CUDA-capable device(s) is/are busy or unavailable
  [FAIL] test_random_inputs_roundtrip: CUDA malloc for d_input failed
[WARNING] CUDA error during test cleanup: CUDA-capable device(s) is/are busy or unavailable
CUDA ERROR at /mnt/d/Research Experiments/TDPE_and_GPU_loading/NVComp with ZSTD/tests/cuda_error_checking.h:116
  Function: cudaMalloc(ptr, size)
  Error: cudaErrorDevicesUnavailable
  Description: CUDA-capable device(s) is/are busy or unavailable
  [FAIL] test_random_inputs_roundtrip: CUDA malloc for d_input failed
[WARNING] CUDA error during test cleanup: CUDA-capable device(s) is/are busy or unavailable
CUDA ERROR at /mnt/d/Research Experiments/TDPE_and_GPU_loading/NVComp with ZSTD/tests/cuda_error_checking.h:116
  Function: cudaMalloc(ptr, size)
  Error: cudaErrorDevicesUnavailable
  Description: CUDA-capable device(s) is/are busy or unavailable
  [FAIL] test_random_inputs_roundtrip: CUDA malloc for d_input failed
  [INFO] Passed: 0/100
  [FAIL] test_random_inputs_roundtrip: Some random tests failed
[WARNING] CUDA error during test cleanup: CUDA-capable device(s) is/are busy or unavailable

[TEST] All Compression Levels (1-22)
CUDA ERROR at /mnt/d/Research Experiments/TDPE_and_GPU_loading/NVComp with ZSTD/tests/cuda_error_checking.h:116
  Function: cudaMalloc(ptr, size)
  Error: cudaErrorDevicesUnavailable
  Description: CUDA-capable device(s) is/are busy or unavailable
  [FAIL] test_all_compression_levels: CUDA malloc for d_input failed
[WARNING] CUDA error during test cleanup: CUDA-capable device(s) is/are busy or unavailable

[TEST] ZSTD Frame Format Validation
CUDA ERROR at /mnt/d/Research Experiments/TDPE_and_GPU_loading/NVComp with ZSTD/tests/cuda_error_checking.h:116
  Function: cudaMalloc(ptr, size)
  Error: cudaErrorDevicesUnavailable
  Description: CUDA-capable device(s) is/are busy or unavailable
  [FAIL] test_frame_format_validation: CUDA malloc for d_input failed
[WARNING] CUDA error during test cleanup: CUDA-capable device(s) is/are busy or unavailable

[TEST] Checksum Validation
CUDA ERROR at /mnt/d/Research Experiments/TDPE_and_GPU_loading/NVComp with ZSTD/tests/cuda_error_checking.h:116
  Function: cudaMalloc(ptr, size)
  Error: cudaErrorDevicesUnavailable
  Description: CUDA-capable device(s) is/are busy or unavailable
  [FAIL] test_checksum_validation: CUDA malloc for d_input failed
[WARNING] CUDA error during test cleanup: CUDA-capable device(s) is/are busy or unavailable

[TEST] Special Data Patterns
[CRITICAL] StreamPool: cudaStreamCreate failed at index 0: CUDA-capable device(s) is/are busy or unavailable
[CRITICAL] StreamPool: Fallback stream creation also failed
[WARNING] initialize_context: Pre-existing CUDA error: CUDA-capable device(s) is/are busy or unavailable
[ERROR] ERROR_CUDA_ERROR at /mnt/d/Research Experiments/TDPE_and_GPU_loading/NVComp with ZSTD/src/cuda_zstd_manager.cu:3409 in initialize_context() (CUDA: CUDA-capable device(s) is/are busy or unavailable)
  [INFO] Testing: All zeros
CUDA ERROR at /mnt/d/Research Experiments/TDPE_and_GPU_loading/NVComp with ZSTD/tests/cuda_error_checking.h:116
  Function: cudaMalloc(ptr, size)
  Error: cudaErrorDevicesUnavailable
  Description: CUDA-capable device(s) is/are busy or unavailable
  [FAIL] test_special_patterns: CUDA malloc for d_input failed
  [INFO] Testing: All ones
CUDA ERROR at /mnt/d/Research Experiments/TDPE_and_GPU_loading/NVComp with ZSTD/tests/cuda_error_checking.h:116
  Function: cudaMalloc(ptr, size)
  Error: cudaErrorDevicesUnavailable
  Description: CUDA-capable device(s) is/are busy or unavailable
  [FAIL] test_special_patterns: CUDA malloc for d_input failed
  [INFO] Testing: All 0xAA
CUDA ERROR at /mnt/d/Research Experiments/TDPE_and_GPU_loading/NVComp with ZSTD/tests/cuda_error_checking.h:116
  Function: cudaMalloc(ptr, size)
  Error: cudaErrorDevicesUnavailable
  Description: CUDA-capable device(s) is/are busy or unavailable
  [FAIL] test_special_patterns: CUDA malloc for d_input failed
  [INFO] Testing: All 0x55
CUDA ERROR at /mnt/d/Research Experiments/TDPE_and_GPU_loading/NVComp with ZSTD/tests/cuda_error_checking.h:116
  Function: cudaMalloc(ptr, size)
  Error: cudaErrorDevicesUnavailable
  Description: CUDA-capable device(s) is/are busy or unavailable
  [FAIL] test_special_patterns: CUDA malloc for d_input failed
  [INFO] Testing: Sequential
CUDA ERROR at /mnt/d/Research Experiments/TDPE_and_GPU_loading/NVComp with ZSTD/tests/cuda_error_checking.h:116
  Function: cudaMalloc(ptr, size)
  Error: cudaErrorDevicesUnavailable
  Description: CUDA-capable device(s) is/are busy or unavailable
  [FAIL] test_special_patterns: CUDA malloc for d_input failed
  [INFO] Testing: Random
CUDA ERROR at /mnt/d/Research Experiments/TDPE_and_GPU_loading/NVComp with ZSTD/tests/cuda_error_checking.h:116
  Function: cudaMalloc(ptr, size)
  Error: cudaErrorDevicesUnavailable
  Description: CUDA-capable device(s) is/are busy or unavailable
  [FAIL] test_special_patterns: CUDA malloc for d_input failed
  [PASS] Special Patterns
[WARNING] CUDA error during test cleanup: CUDA-capable device(s) is/are busy or unavailable

[TEST] Byte Alignment and Padding
[CRITICAL] StreamPool: cudaStreamCreate failed at index 0: CUDA-capable device(s) is/are busy or unavailable
[CRITICAL] StreamPool: Fallback stream creation also failed
[WARNING] initialize_context: Pre-existing CUDA error: CUDA-capable device(s) is/are busy or unavailable
[ERROR] ERROR_CUDA_ERROR at /mnt/d/Research Experiments/TDPE_and_GPU_loading/NVComp with ZSTD/src/cuda_zstd_manager.cu:3409 in initialize_context() (CUDA: CUDA-capable device(s) is/are busy or unavailable)
CUDA ERROR at /mnt/d/Research Experiments/TDPE_and_GPU_loading/NVComp with ZSTD/tests/cuda_error_checking.h:116
  Function: cudaMalloc(ptr, size)
  Error: cudaErrorDevicesUnavailable
  Description: CUDA-capable device(s) is/are busy or unavailable
  [FAIL] test_byte_alignment: CUDA malloc for d_input failed
[WARNING] CUDA error during test cleanup: CUDA-capable device(s) is/are busy or unavailable

[TEST] Deterministic Compression
CUDA ERROR at /mnt/d/Research Experiments/TDPE_and_GPU_loading/NVComp with ZSTD/tests/cuda_error_checking.h:116
  Function: cudaMalloc(ptr, size)
  Error: cudaErrorDevicesUnavailable
  Description: CUDA-capable device(s) is/are busy or unavailable
  [FAIL] test_deterministic_compression: CUDA malloc for d_input failed
[WARNING] CUDA error during test cleanup: CUDA-capable device(s) is/are busy or unavailable
========================================
TEST RESULTS
========================================
Passed: 1/9
Failed: 8/9

✗ SOME TESTS FAILED
========================================
